
[0m[2m[35m$[0m [2m[1mnext build[0m
   [1m[38;2;173;127;168m▲ Next.js 16.0.8[39m[22m (Turbopack)

 [37m[1m [22m[39m Creating an optimized production build ...
 [32m[1m✓[22m[39m Compiled successfully in 8.6s
[?25l [37m[1m [22m[39m Running TypeScript  [36m.[39m[2K[1G [37m[1m [22m[39m Running TypeScript  [36m..[39m[2K[1G [37m[1m [22m[39m Running TypeScript  [36m...[39m[2K[1G [37m[1m [22m[39m Running TypeScript  [36m.[39m[2K[1G [37m[1m [22m[39m Running TypeScript  [36m..[39m[2K[1G [37m[1m [22m[39m Running TypeScript  [36m...[39m[2K[1G [37m[1m [22m[39m Running TypeScript  [36m.[39m[2K[1G [37m[1m [22m[39m Running TypeScript  [36m..[39m[2K[1G [37m[1m [22m[39m Running TypeScript  [36m...[39m[2K[1G [37m[1m [22m[39m Running TypeScript  [36m.[39m[2K[1G [37m[1m [22m[39m Running TypeScript  [36m..[39m[2K[1G [37m[1m [22m[39m Running TypeScript  [36m...[39m[2K[1G [37m[1m [22m[39m Running TypeScript  [36m.[39m[2K[1G [37m[1m [22m[39m Running TypeScript  [36m..[39m[2K[1G [37m[1m [22m[39m Running TypeScript  [36m...[39m[2K[1G [37m[1m [22m[39m Running TypeScript  [36m.[39m[2K[1G [37m[1m [22m[39m Running TypeScript  [36m..[39m[2K[1G [37m[1m [22m[39m Running TypeScript  [36m...[39m[2K[1G [37m[1m [22m[39m Running TypeScript  [36m.[39m[2K[1G [37m[1m [22m[39m Running TypeScript  [36m..[39m[2K[1G [37m[1m [22m[39m Running TypeScript  [36m...[39m[2K[1G [37m[1m [22m[39m Running TypeScript  [36m.[39m[2K[1G [37m[1m [22m[39m Running TypeScript  [36m..[39m[2K[1G [37m[1m [22m[39m Running TypeScript  [36m...[39m[2K[1G [37m[1m [22m[39m Running TypeScript  [36m.[39m[2K[1G [37m[1m [22m[39m Running TypeScript  [36m..[39m[2K[1G [37m[1m [22m[39m Running TypeScript  [36m...[39m[2K[1G [37m[1m [22m[39m Running TypeScript  [36m.[39m[2K[1G [37m[1m [22m[39m Running TypeScript  [36m..[39m[2K[1G [37m[1m [22m[39m Running TypeScript  [36m...[39m[2K[1G [37m[1m [22m[39m Running TypeScript  [36m.[39m[2K[1G [37m[1m [22m[39m Running TypeScript  [36m..[39m[2K[1G [37m[1m [22m[39m Running TypeScript  [36m...[39m[2K[1G [37m[1m [22m[39m Running TypeScript  [36m.[39m[2K[1G [37m[1m [22m[39m Running TypeScript  [36m..[39m[2K[1G [37m[1m [22m[39m Running TypeScript  [36m...[39m[2K[1G [37m[1m [22m[39m Running TypeScript  [36m.[39m[2K[1G [37m[1m [22m[39m Running TypeScript  [36m..[39m[2K[1G [37m[1m [22m[39m Running TypeScript  [36m...[39m[2K[1G [37m[1m [22m[39m Running TypeScript  [36m.[39m[2K[1G [37m[1m [22m[39m Running TypeScript  [36m..[39m[2K[1G [37m[1m [22m[39m Running TypeScript  [36m...[39m[2K[1G [37m[1m [22m[39m Running TypeScript  [36m.[39m[2K[1G [37m[1m [22m[39m Running TypeScript  [36m..[39m[2K[1G [37m[1m [22m[39m Running TypeScript  [36m...[39m[2K[1G [37m[1m [22m[39m Running TypeScript  [36m.[39m[2K[1G [37m[1m [22m[39m Running TypeScript  [36m..[39m[2K[1G [37m[1m [22m[39m Running TypeScript  [36m...[39m[2K[1G [37m[1m [22m[39m Running TypeScript  [36m.[39m[2K[1G [37m[1m [22m[39m Running TypeScript  [36m..[39m[2K[1G [37m[1m [22m[39m Running TypeScript  [36m...[39m[2K[1G [37m[1m [22m[39m Running TypeScript  [36m.[39m[2K[1G [37m[1m [22m[39m Running TypeScript  [36m..[39m[2K[1G [37m[1m [22m[39m Running TypeScript  [36m...[39m[2K[1G [37m[1m [22m[39m Running TypeScript  [36m.[39m[2K[1G [37m[1m [22m[39m Running TypeScript  [36m..[39m[2K[1G [37m[1m [22m[39m Running TypeScript  [36m...[39m[2K[1G [37m[1m [22m[39m Running TypeScript  [36m.[39m[2K[1G[?25h[?25l [37m[1m [22m[39m Finished TypeScript in 11.6s  [36m.[39m[2K[1G[?25h [37m[1m [22m[39m Finished TypeScript in 11.6s     [32m[1m✓[22m[39m Finished TypeScript in 11.6s 
[?25l [37m[1m [22m[39m Collecting page data using 7 workers  [36m.[39m[2K[1G [37m[1m [22m[39m Collecting page data using 7 workers  [36m..[39m[2K[1G [37m[1m [22m[39m Collecting page data using 7 workers  [36m...[39m[2K[1G [37m[1m [22m[39m Collecting page data using 7 workers  [36m.[39m[2K[1G [37m[1m [22m[39m Collecting page data using 7 workers  [36m..[39m[2K[1G[?25h [37m[1m [22m[39m Collecting page data using 7 workers in 948.5ms     [32m[1m✓[22m[39m Collecting page data using 7 workers in 948.5ms 
[?25l [37m[1m [22m[39m Generating static pages using 7 workers (0/26)  [36m[    ][39m[2K[1G[1A[2K[1G [37m[1m [22m[39m Generating static pages using 7 workers (0/26)  [36m[=   ][39m[2K[1G[1A[2K[1G [37m[1m [22m[39m Generating static pages using 7 workers (0/26)  [36m[==  ][39m[2K[1G[1A[2K[1G[?25h⚠️  Supabase not configured. Social login will not work.
⚠️  Supabase not configured. Social login will not work.
[?25h [32m[1m✓[22m[39m Generating static pages using 7 workers (26/26) in 854.9ms
[?25l [37m[1m [22m[39m Finalizing page optimization  [36m.[39m[2K[1G[?25h [37m[1m [22m[39m Finalizing page optimization in 9.7ms     [32m[1m✓[22m[39m Finalizing page optimization in 9.7ms 

[4mRoute (app)[24m
┌ ○ /
├ ○ /_not-found
├ ○ /about
├ ○ /addresses
├ ○ /auth/callback
├ ○ /auth/login
├ ○ /auth/signup
├ ○ /cart
├ ○ /checkout
├ ○ /coupons
├ ○ /home
├ ○ /my-coupons
├ ○ /offers
├ ƒ /offers/[id]
├ ○ /orders
├ ƒ /orders/[id]
├ ○ /privacy
├ ○ /products
├ ƒ /products/[id]
├ ○ /profile
├ ○ /refund
├ ○ /return
├ ○ /services
├ ƒ /services/[categorySlug]
├ ○ /settings
├ ○ /shipping
├ ○ /terms
└ ○ /wishlist


○  (Static)   prerendered as static content
ƒ  (Dynamic)  server-rendered on demand

[?25h
